
Warning-[DEBUG_DEP] Option will be deprecated
  The option '-debug_all' will be deprecated in a future release.  Please use 
  '-debug_acc+all+dmptf -debug_region+cell+encrypt' instead.

Command: vcs -sverilog +v2k -timescale=1ns/1ps -debug_all +notimingcheck +nospecify \
+vcs+flush+all +define+DUMP_VPD +vpdfile+simv_top.vpd -o simv_top -l compile.log \
-cm_name simv_top -cm_dir ./simv_top.vdb /home/lao/IH28HK12T_V1p0/IH28HK_VHS_V1p0_basic/IH28HK_VHS_RVT_V1p0/verilog/IH28HK_VHS_RVT.v \
../mapped/mul2_7_synthesized.v ./tb/mul2_7_tb.v
                         Chronologic VCS (TM)
            Version T-2022.06 -- Sun May 18 13:23:36 2025

                    Copyright (c) 1991 - 2022 Synopsys, Inc.
   This software and the associated documentation are proprietary to Synopsys,
 Inc. This software may only be used in accordance with the terms and conditions
 of a written license agreement with Synopsys, Inc. All other use, reproduction,
   or distribution of this software is strictly prohibited.  Licensed Products
     communicate with Synopsys servers for the purpose of providing software
    updates, detecting software piracy and verifying that customers are using
    Licensed Products in conformity with the applicable License Key for such
  Licensed Products. Synopsys will use information gathered in connection with
    this process to deliver software updates and pursue software pirates and
                                   infringers.

 Inclusivity & Diversity - Visit SolvNetPlus to read the "Synopsys Statement on
            Inclusivity and Diversity" (Refer to article 000036315 at
                        https://solvnetplus.synopsys.com)


Warning-[DEBUG_DEP] Option will be deprecated
  The option '-debug_all' will be deprecated in a future release.  Please use 
  '-debug_acc+all -debug_region+cell+encrypt' instead.

Parsing design file '/home/lao/IH28HK12T_V1p0/IH28HK_VHS_V1p0_basic/IH28HK_VHS_RVT_V1p0/verilog/IH28HK_VHS_RVT.v'
Parsing design file '../mapped/mul2_7_synthesized.v'
Parsing design file './tb/mul2_7_tb.v'
Top Level Modules:
       VHSR_AD1_0
       VHSR_AD1_1
       VHSR_AD1_2
       VHSR_AD1_4
       VHSR_AD1_8
       VHSR_ADH1_0
       VHSR_ADH1_1
       VHSR_ADH1_2
       VHSR_ADH1_4
       VHSR_ADH1_8
       VHSR_AND2_0
       VHSR_AND2_1
       VHSR_AND2_4
       VHSR_AND2_8
       VHSR_AND3_0
       VHSR_AND3_1
       VHSR_AND3_2
       VHSR_AND3_4
       VHSR_AND3_8
       VHSR_AND4_0
       VHSR_AND4_1
       VHSR_AND4_2
       VHSR_AND4_4
       VHSR_AND4_8
       VHSR_AOI21_0
       VHSR_AOI21_1
       VHSR_AOI211_0
       VHSR_AOI211_1
       VHSR_AOI211_2
       VHSR_AOI211_4
       VHSR_AOI211_8
       VHSR_AOI21_2
       VHSR_AOI21_4
       VHSR_AOI21_8
       VHSR_AOI22_0
       VHSR_AOI22_1
       VHSR_AOI221_0
       VHSR_AOI221_1
       VHSR_AOI221_2
       VHSR_AOI221_4
       VHSR_AOI221_8
       VHSR_AOI22_2
       VHSR_AOI222_0
       VHSR_AOI222_1
       VHSR_AOI222_2
       VHSR_AOI222_4
       VHSR_AOI222_8
       VHSR_AOI22_4
       VHSR_AOI22_8
       VHSR_AOI31_0
       VHSR_AOI31_1
       VHSR_AOI31_2
       VHSR_AOI31_4
       VHSR_AOI31_8
       VHSR_AOI32_0
       VHSR_AOI32_1
       VHSR_AOI32_2
       VHSR_AOI32_4
       VHSR_AOI32_8
       VHSR_AOI33_0
       VHSR_AOI33_1
       VHSR_AOI33_2
       VHSR_AOI33_4
       VHSR_AOI33_8
       VHSR_BUF_0
       VHSR_BUF_1
       VHSR_BUF_12
       VHSR_BUF_16
       VHSR_BUF_2
       VHSR_BUF_20
       VHSR_BUF_24
       VHSR_BUF_3
       VHSR_BUF_32
       VHSR_BUF_4
       VHSR_BUF_6
       VHSR_BUF_8
       VHSR_CLKAND2_0
       VHSR_CLKAND2_1
       VHSR_CLKAND2_2
       VHSR_CLKAND2_4
       VHSR_CLKAND2_8
       VHSR_CLKBUF_0
       VHSR_CLKBUF_1
       VHSR_CLKBUF_12
       VHSR_CLKBUF_16
       VHSR_CLKBUF_2
       VHSR_CLKBUF_20
       VHSR_CLKBUF_24
       VHSR_CLKBUF_3
       VHSR_CLKBUF_32
       VHSR_CLKBUF_4
       VHSR_CLKBUF_6
       VHSR_CLKBUF_8
       VHSR_CLKMUX2_0
       VHSR_CLKMUX2_1
       VHSR_CLKMUX2_2
       VHSR_CLKMUX2_4
       VHSR_CLKMUX2_8
       VHSR_CLKN_0
       VHSR_CLKN_1
       VHSR_CLKN_12
       VHSR_CLKN_16
       VHSR_CLKN_2
       VHSR_CLKN_20
       VHSR_CLKN_24
       VHSR_CLKN_3
       VHSR_CLKN_32
       VHSR_CLKN_4
       VHSR_CLKN_6
       VHSR_CLKN_8
       VHSR_CLKNAND2_0
       VHSR_CLKNAND2_1
       VHSR_CLKNAND2_2
       VHSR_CLKNAND2_4
       VHSR_CLKNAND2_8
       VHSR_CLKNOR2_0
       VHSR_CLKNOR2_1
       VHSR_CLKNOR2_2
       VHSR_CLKNOR2_4
       VHSR_CLKNOR2_8
       VHSR_CLKOR2_0
       VHSR_CLKOR2_1
       VHSR_CLKOR2_2
       VHSR_CLKOR2_4
       VHSR_CLKOR2_8
       VHSR_CLKXOR2_0
       VHSR_CLKXOR2_1
       VHSR_CLKXOR2_2
       VHSR_CLKXOR2_4
       VHSR_CLKXOR2_8
       VHSR_D_0
       VHSR_D_1
       VHSR_D_2
       VHSR_D_4
       VHSR_D_8
       VHSR_DEL_16
       VHSR_DEL_2
       VHSR_DEL_24
       VHSR_DEL_4
       VHSR_DEL_8
       VHSR_DQ_0
       VHSR_DQ_1
       VHSR_DQ_2
       VHSR_DQ_4
       VHSR_DQ_8
       VHSR_DRN_0
       VHSR_DRN_1
       VHSR_DRN_2
       VHSR_DRN_4
       VHSR_DRN_8
       VHSR_DRNQ_0
       VHSR_DRNQ_1
       VHSR_DRNQ_2
       VHSR_DRNQ_4
       VHSR_DRNQ_8
       VHSR_DRSN_0
       VHSR_DRSN_1
       VHSR_DRSN_2
       VHSR_DRSN_4
       VHSR_DRSN_8
       VHSR_DSN_0
       VHSR_DSN_1
       VHSR_DSN_2
       VHSR_DSN_4
       VHSR_DSN_8
       VHSR_DX_0
       VHSR_DX_1
       VHSR_DX_2
       VHSR_DX_4
       VHSR_DX_8
       VHSR_FDCAP_16
       VHSR_FDCAP_32
       VHSR_FDCAP_4
       VHSR_FDCAP_64
       VHSR_FDCAP_8
       VHSR_FDIODE_12
       VHSR_FDIODE_16
       VHSR_FDIODE_2
       VHSR_FDIODE_24
       VHSR_FDIODE_32
       VHSR_FDIODE_4
       VHSR_FDIODE_8
       VHSR_I2NAND4_0
       VHSR_I2NAND4_1
       VHSR_I2NAND4_2
       VHSR_I2NAND4_4
       VHSR_I2NAND4_8
       VHSR_I2NOR4_0
       VHSR_I2NOR4_1
       VHSR_I2NOR4_2
       VHSR_I2NOR4_4
       VHSR_I2NOR4_8
       VHSR_IAO21_0
       VHSR_IAO21_1
       VHSR_IAO21_2
       VHSR_IAO21_4
       VHSR_IAO21_8
       VHSR_IAO22_0
       VHSR_IAO22_1
       VHSR_IAO22_2
       VHSR_IAO22_4
       VHSR_IAO22_8
       VHSR_IN_0
       VHSR_IN_1
       VHSR_IN_12
       VHSR_IN_16
       VHSR_IN_2
       VHSR_IN_20
       VHSR_IN_24
       VHSR_IN_3
       VHSR_IN_32
       VHSR_IN_4
       VHSR_IN_6
       VHSR_IN_8
       VHSR_INAND2_0
       VHSR_INAND2_1
       VHSR_INAND2_2
       VHSR_INAND2_4
       VHSR_INAND2_8
       VHSR_INAND3_0
       VHSR_INAND3_1
       VHSR_INAND3_2
       VHSR_INAND3_4
       VHSR_INAND3_8
       VHSR_INAND4_0
       VHSR_INAND4_1
       VHSR_INAND4_2
       VHSR_INAND4_4
       VHSR_INAND4_8
       VHSR_INOR2_0
       VHSR_INOR2_1
       VHSR_INOR2_2
       VHSR_INOR2_4
       VHSR_INOR2_8
       VHSR_INOR3_0
       VHSR_INOR3_1
       VHSR_INOR3_2
       VHSR_INOR3_4
       VHSR_INOR3_8
       VHSR_INOR4_0
       VHSR_INOR4_1
       VHSR_INOR4_2
       VHSR_INOR4_4
       VHSR_INOR4_8
       VHSR_IOA21_0
       VHSR_IOA21_1
       VHSR_IOA21_2
       VHSR_IOA21_4
       VHSR_IOA21_8
       VHSR_IOA22_0
       VHSR_IOA22_1
       VHSR_IOA22_2
       VHSR_IOA22_4
       VHSR_IOA22_8
       VHSR_LAH_0
       VHSR_LAH_1
       VHSR_LAH_2
       VHSR_LAH_4
       VHSR_LAH_8
       VHSR_LAHRN_0
       VHSR_LAHRN_1
       VHSR_LAHRN_2
       VHSR_LAHRN_4
       VHSR_LAHRN_8
       VHSR_LAHRSN_0
       VHSR_LAHRSN_1
       VHSR_LAHRSN_2
       VHSR_LAHRSN_4
       VHSR_LAHRSN_8
       VHSR_LAHSN_0
       VHSR_LAHSN_1
       VHSR_LAHSN_2
       VHSR_LAHSN_4
       VHSR_LAHSN_8
       VHSR_LAL_0
       VHSR_LAL_1
       VHSR_LAL_2
       VHSR_LAL_4
       VHSR_LAL_8
       VHSR_LALRN_0
       VHSR_LALRN_1
       VHSR_LALRN_2
       VHSR_LALRN_4
       VHSR_LALRN_8
       VHSR_LALRSN_0
       VHSR_LALRSN_1
       VHSR_LALRSN_2
       VHSR_LALRSN_4
       VHSR_LALRSN_8
       VHSR_LALSN_0
       VHSR_LALSN_1
       VHSR_LALSN_2
       VHSR_LALSN_4
       VHSR_LALSN_8
       VHSR_MAOI22_0
       VHSR_MAOI22_1
       VHSR_MAOI22_2
       VHSR_MAOI222_0
       VHSR_MAOI222_1
       VHSR_MAOI222_2
       VHSR_MAOI222_4
       VHSR_MAOI222_8
       VHSR_MAOI22_4
       VHSR_MAOI22_8
       VHSR_MOAI22_0
       VHSR_MOAI22_1
       VHSR_MOAI22_2
       VHSR_MOAI22_4
       VHSR_MOAI22_8
       VHSR_MUX2_0
       VHSR_MUX2_1
       VHSR_MUX2_2
       VHSR_MUX2_4
       VHSR_MUX2_8
       VHSR_MUX2N_0
       VHSR_MUX2N_1
       VHSR_MUX2N_2
       VHSR_MUX2N_4
       VHSR_MUX2N_8
       VHSR_MUX3_0
       VHSR_MUX3_1
       VHSR_MUX3_2
       VHSR_MUX3_4
       VHSR_MUX3_8
       VHSR_MUX3N_0
       VHSR_MUX3N_1
       VHSR_MUX3N_2
       VHSR_MUX3N_4
       VHSR_MUX3N_8
       VHSR_MUX4_0
       VHSR_MUX4_1
       VHSR_MUX4_2
       VHSR_MUX4_4
       VHSR_MUX4_8
       VHSR_MUX4N_0
       VHSR_MUX4N_1
       VHSR_MUX4N_2
       VHSR_MUX4N_4
       VHSR_MUX4N_8
       VHSR_NAND2_0
       VHSR_NAND2_1
       VHSR_NAND2_2
       VHSR_NAND2_4
       VHSR_NAND2_8
       VHSR_NAND3_0
       VHSR_NAND3_1
       VHSR_NAND3_2
       VHSR_NAND3_4
       VHSR_NAND3_8
       VHSR_NAND4_0
       VHSR_NAND4_1
       VHSR_NAND4_2
       VHSR_NAND4_4
       VHSR_NAND4_8
       VHSR_NCLKGL_0
       VHSR_NCLKGL_1
       VHSR_NCLKGL_2
       VHSR_NCLKGL_4
       VHSR_NCLKGL_8
       VHSR_ND_0
       VHSR_ND_1
       VHSR_ND_2
       VHSR_ND_4
       VHSR_ND_8
       VHSR_NDQ_0
       VHSR_NDQ_1
       VHSR_NDQ_2
       VHSR_NDQ_4
       VHSR_NDQ_8
       VHSR_NDRN_0
       VHSR_NDRN_1
       VHSR_NDRN_2
       VHSR_NDRN_4
       VHSR_NDRN_8
       VHSR_NDRNQ_0
       VHSR_NDRNQ_1
       VHSR_NDRNQ_2
       VHSR_NDRNQ_4
       VHSR_NDRNQ_8
       VHSR_NDRSN_0
       VHSR_NDRSN_1
       VHSR_NDRSN_2
       VHSR_NDRSN_4
       VHSR_NDRSN_8
       VHSR_NDSN_0
       VHSR_NDSN_1
       VHSR_NDSN_2
       VHSR_NDSN_4
       VHSR_NDSN_8
       VHSR_NOR2_0
       VHSR_NOR2_1
       VHSR_NOR2_2
       VHSR_NOR2_4
       VHSR_NOR2_8
       VHSR_NOR3_0
       VHSR_NOR3_1
       VHSR_NOR3_2
       VHSR_NOR3_4
       VHSR_NOR3_8
       VHSR_NOR4_0
       VHSR_NOR4_1
       VHSR_NOR4_2
       VHSR_NOR4_4
       VHSR_NOR4_8
       VHSR_NTCLKGL_0
       VHSR_NTCLKGL_1
       VHSR_NTCLKGL_2
       VHSR_NTCLKGL_4
       VHSR_NTCLKGL_8
       VHSR_OAI21_0
       VHSR_OAI21_1
       VHSR_OAI211_0
       VHSR_OAI211_1
       VHSR_OAI211_2
       VHSR_OAI211_4
       VHSR_OAI211_8
       VHSR_OAI21_2
       VHSR_OAI21_4
       VHSR_OAI21_8
       VHSR_OAI22_0
       VHSR_OAI22_1
       VHSR_OAI221_0
       VHSR_OAI221_1
       VHSR_OAI221_2
       VHSR_OAI221_4
       VHSR_OAI221_8
       VHSR_OAI22_2
       VHSR_OAI222_0
       VHSR_OAI222_1
       VHSR_OAI222_2
       VHSR_OAI222_4
       VHSR_OAI222_8
       VHSR_OAI22_4
       VHSR_OAI22_8
       VHSR_OAI31_0
       VHSR_OAI31_1
       VHSR_OAI31_2
       VHSR_OAI31_4
       VHSR_OAI31_8
       VHSR_OAI32_0
       VHSR_OAI32_1
       VHSR_OAI32_2
       VHSR_OAI32_4
       VHSR_OAI32_8
       VHSR_OAI33_0
       VHSR_OAI33_1
       VHSR_OAI33_2
       VHSR_OAI33_4
       VHSR_OAI33_8
       VHSR_OR2_0
       VHSR_OR2_1
       VHSR_OR2_2
       VHSR_OR2_4
       VHSR_OR2_8
       VHSR_OR3_0
       VHSR_OR3_1
       VHSR_OR3_2
       VHSR_OR3_4
       VHSR_OR3_8
       VHSR_OR4_0
       VHSR_OR4_1
       VHSR_OR4_2
       VHSR_OR4_4
       VHSR_OR4_8
       VHSR_PCLKGL_0
       VHSR_PCLKGL_1
       VHSR_PCLKGL_2
       VHSR_PCLKGL_4
       VHSR_PCLKGL_8
       VHSR_PTCLKGL_0
       VHSR_PTCLKGL_1
       VHSR_PTCLKGL_2
       VHSR_PTCLKGL_4
       VHSR_PTCLKGL_8
       VHSR_PULL1_0
       VHSR_SD_0
       VHSR_SD_1
       VHSR_SD_2
       VHSR_SD_4
       VHSR_SD_8
       VHSR_SDQ_0
       VHSR_SDQ_1
       VHSR_SDQ_2
       VHSR_SDQ_4
       VHSR_SDQ_8
       VHSR_SDRN_0
       VHSR_SDRN_1
       VHSR_SDRN_2
       VHSR_SDRN_4
       VHSR_SDRN_8
       VHSR_SDRNQ_0
       VHSR_SDRNQ_1
       VHSR_SDRNQ_2
       VHSR_SDRNQ_4
       VHSR_SDRNQ_8
       VHSR_SDRSN_0
       VHSR_SDRSN_1
       VHSR_SDRSN_2
       VHSR_SDRSN_4
       VHSR_SDRSN_8
       VHSR_SDSN_0
       VHSR_SDSN_1
       VHSR_SDSN_2
       VHSR_SDSN_4
       VHSR_SDSN_8
       VHSR_SDX_0
       VHSR_SDX_1
       VHSR_SDX_2
       VHSR_SDX_4
       VHSR_SDX_8
       VHSR_SND_0
       VHSR_SND_1
       VHSR_SND_2
       VHSR_SND_4
       VHSR_SND_8
       VHSR_SNDQ_0
       VHSR_SNDQ_1
       VHSR_SNDQ_2
       VHSR_SNDQ_4
       VHSR_SNDQ_8
       VHSR_SNDRN_0
       VHSR_SNDRN_1
       VHSR_SNDRN_2
       VHSR_SNDRN_4
       VHSR_SNDRN_8
       VHSR_SNDRNQ_0
       VHSR_SNDRNQ_1
       VHSR_SNDRNQ_2
       VHSR_SNDRNQ_4
       VHSR_SNDRNQ_8
       VHSR_SNDRSN_0
       VHSR_SNDRSN_1
       VHSR_SNDRSN_2
       VHSR_SNDRSN_4
       VHSR_SNDRSN_8
       VHSR_SNDSN_0
       VHSR_SNDSN_1
       VHSR_SNDSN_2
       VHSR_SNDSN_4
       VHSR_SNDSN_8
       VHSR_SNDX_0
       VHSR_SNDX_1
       VHSR_SNDX_2
       VHSR_SNDX_4
       VHSR_SNDX_8
       VHSR_TBUF_0
       VHSR_TBUF_1
       VHSR_TBUF_12
       VHSR_TBUF_16
       VHSR_TBUF_2
       VHSR_TBUF_20
       VHSR_TBUF_24
       VHSR_TBUF_3
       VHSR_TBUF_32
       VHSR_TBUF_4
       VHSR_TBUF_6
       VHSR_TBUF_8
       VHSR_XNOR2_0
       VHSR_XNOR2_1
       VHSR_XNOR2_2
       VHSR_XNOR2_4
       VHSR_XNOR2_8
       VHSR_XNOR3_0
       VHSR_XNOR3_1
       VHSR_XNOR3_2
       VHSR_XNOR3_4
       VHSR_XNOR3_8
       VHSR_XNOR4_0
       VHSR_XNOR4_1
       VHSR_XNOR4_2
       VHSR_XNOR4_4
       VHSR_XNOR4_8
       VHSR_XOR2_0
       VHSR_XOR2_1
       VHSR_XOR2_2
       VHSR_XOR2_4
       VHSR_XOR2_8
       VHSR_XOR3_0
       VHSR_XOR3_1
       VHSR_XOR3_2
       VHSR_XOR3_4
       VHSR_XOR3_8
       VHSR_XOR4_0
       VHSR_XOR4_1
       VHSR_XOR4_2
       VHSR_XOR4_4
       VHSR_XOR4_8
       top_sim
TimeScale is 1 ns / 1 ps
Starting vcs inline pass...

588 modules and 5 UDPs read.
recompiling module VHSR_AD1_0
recompiling module VHSR_AD1_1
recompiling module VHSR_AD1_2
recompiling module VHSR_AD1_4
recompiling module VHSR_AD1_8
recompiling module VHSR_ADH1_0
recompiling module VHSR_ADH1_1
recompiling module VHSR_ADH1_2
recompiling module VHSR_ADH1_4
recompiling module VHSR_ADH1_8
recompiling module VHSR_AND2_0
recompiling module VHSR_AND2_1
recompiling module VHSR_AND2_4
recompiling module VHSR_AND2_8
recompiling module VHSR_AND3_0
recompiling module VHSR_AND3_1
recompiling module VHSR_AND3_2
recompiling module VHSR_AND3_4
recompiling module VHSR_AND3_8
recompiling module VHSR_AND4_0
recompiling module VHSR_AND4_1
recompiling module VHSR_AND4_2
recompiling module VHSR_AND4_4
recompiling module VHSR_AND4_8
recompiling module VHSR_AOI21_0
recompiling module VHSR_AOI21_1
recompiling module VHSR_AOI211_0
recompiling module VHSR_AOI211_1
recompiling module VHSR_AOI211_2
recompiling module VHSR_AOI211_4
recompiling module VHSR_AOI211_8
recompiling module VHSR_AOI21_2
recompiling module VHSR_AOI21_4
recompiling module VHSR_AOI21_8
recompiling module VHSR_AOI22_0
recompiling module VHSR_AOI22_1
recompiling module VHSR_AOI221_0
recompiling module VHSR_AOI221_1
recompiling module VHSR_AOI221_2
recompiling module VHSR_AOI221_4
recompiling module VHSR_AOI221_8
recompiling module VHSR_AOI22_2
recompiling module VHSR_AOI222_0
recompiling module VHSR_AOI222_1
recompiling module VHSR_AOI222_2
recompiling module VHSR_AOI222_4
recompiling module VHSR_AOI222_8
recompiling module VHSR_AOI22_4
recompiling module VHSR_AOI22_8
recompiling module VHSR_AOI31_0
50 of 588 modules done
recompiling module VHSR_AOI31_1
recompiling module VHSR_AOI31_2
recompiling module VHSR_AOI31_4
recompiling module VHSR_AOI31_8
recompiling module VHSR_AOI32_0
recompiling module VHSR_AOI32_1
recompiling module VHSR_AOI32_2
recompiling module VHSR_AOI32_4
recompiling module VHSR_AOI32_8
recompiling module VHSR_AOI33_0
recompiling module VHSR_AOI33_1
recompiling module VHSR_AOI33_2
recompiling module VHSR_AOI33_4
recompiling module VHSR_AOI33_8
recompiling module VHSR_BUF_0
recompiling module VHSR_BUF_1
recompiling module VHSR_BUF_12
recompiling module VHSR_BUF_16
recompiling module VHSR_BUF_2
recompiling module VHSR_BUF_20
recompiling module VHSR_BUF_24
recompiling module VHSR_BUF_3
recompiling module VHSR_BUF_32
recompiling module VHSR_BUF_4
recompiling module VHSR_BUF_6
recompiling module VHSR_BUF_8
recompiling module VHSR_CLKAND2_0
recompiling module VHSR_CLKAND2_1
recompiling module VHSR_CLKAND2_2
recompiling module VHSR_CLKAND2_4
recompiling module VHSR_CLKAND2_8
recompiling module VHSR_CLKBUF_0
recompiling module VHSR_CLKBUF_1
recompiling module VHSR_CLKBUF_12
recompiling module VHSR_CLKBUF_16
recompiling module VHSR_CLKBUF_2
recompiling module VHSR_CLKBUF_20
recompiling module VHSR_CLKBUF_24
recompiling module VHSR_CLKBUF_3
recompiling module VHSR_CLKBUF_32
recompiling module VHSR_CLKBUF_4
recompiling module VHSR_CLKBUF_6
recompiling module VHSR_CLKBUF_8
recompiling module VHSR_CLKMUX2_0
recompiling module VHSR_CLKMUX2_1
recompiling module VHSR_CLKMUX2_2
recompiling module VHSR_CLKMUX2_4
recompiling module VHSR_CLKMUX2_8
recompiling module VHSR_CLKN_0
recompiling module VHSR_CLKN_1
100 of 588 modules done
recompiling module VHSR_CLKN_12
recompiling module VHSR_CLKN_16
recompiling module VHSR_CLKN_2
recompiling module VHSR_CLKN_20
recompiling module VHSR_CLKN_24
recompiling module VHSR_CLKN_3
recompiling module VHSR_CLKN_32
recompiling module VHSR_CLKN_4
recompiling module VHSR_CLKN_6
recompiling module VHSR_CLKN_8
recompiling module VHSR_CLKNAND2_0
recompiling module VHSR_CLKNAND2_1
recompiling module VHSR_CLKNAND2_2
recompiling module VHSR_CLKNAND2_4
recompiling module VHSR_CLKNAND2_8
recompiling module VHSR_CLKNOR2_0
recompiling module VHSR_CLKNOR2_1
recompiling module VHSR_CLKNOR2_2
recompiling module VHSR_CLKNOR2_4
recompiling module VHSR_CLKNOR2_8
recompiling module VHSR_CLKOR2_0
recompiling module VHSR_CLKOR2_1
recompiling module VHSR_CLKOR2_2
recompiling module VHSR_CLKOR2_4
recompiling module VHSR_CLKOR2_8
recompiling module VHSR_CLKXOR2_0
recompiling module VHSR_CLKXOR2_1
recompiling module VHSR_CLKXOR2_2
recompiling module VHSR_CLKXOR2_4
recompiling module VHSR_CLKXOR2_8
recompiling module VHSR_D_0
recompiling module VHSR_D_1
recompiling module VHSR_D_2
recompiling module VHSR_D_4
recompiling module VHSR_D_8
recompiling module VHSR_DEL_16
recompiling module VHSR_DEL_2
recompiling module VHSR_DEL_24
recompiling module VHSR_DEL_4
recompiling module VHSR_DEL_8
recompiling module VHSR_DQ_0
recompiling module VHSR_DQ_1
recompiling module VHSR_DQ_2
recompiling module VHSR_DQ_4
recompiling module VHSR_DQ_8
recompiling module VHSR_DRN_0
recompiling module VHSR_DRN_1
recompiling module VHSR_DRN_2
recompiling module VHSR_DRN_4
recompiling module VHSR_DRN_8
150 of 588 modules done
recompiling module VHSR_DRNQ_0
recompiling module VHSR_DRNQ_1
recompiling module VHSR_DRNQ_2
recompiling module VHSR_DRNQ_4
recompiling module VHSR_DRNQ_8
recompiling module VHSR_DRSN_0
recompiling module VHSR_DRSN_1
recompiling module VHSR_DRSN_2
recompiling module VHSR_DRSN_4
recompiling module VHSR_DRSN_8
recompiling module VHSR_DSN_0
recompiling module VHSR_DSN_1
recompiling module VHSR_DSN_2
recompiling module VHSR_DSN_4
recompiling module VHSR_DSN_8
recompiling module VHSR_DX_0
recompiling module VHSR_DX_1
recompiling module VHSR_DX_2
recompiling module VHSR_DX_4
recompiling module VHSR_DX_8
recompiling module VHSR_FDCAP_16
recompiling module VHSR_FDCAP_32
recompiling module VHSR_FDCAP_4
recompiling module VHSR_FDCAP_64
recompiling module VHSR_FDCAP_8
recompiling module VHSR_FDIODE_12
recompiling module VHSR_FDIODE_16
recompiling module VHSR_FDIODE_2
recompiling module VHSR_FDIODE_24
recompiling module VHSR_FDIODE_32
recompiling module VHSR_FDIODE_4
recompiling module VHSR_FDIODE_8
recompiling module VHSR_I2NAND4_0
recompiling module VHSR_I2NAND4_1
recompiling module VHSR_I2NAND4_2
recompiling module VHSR_I2NAND4_4
recompiling module VHSR_I2NAND4_8
recompiling module VHSR_I2NOR4_0
recompiling module VHSR_I2NOR4_1
recompiling module VHSR_I2NOR4_2
recompiling module VHSR_I2NOR4_4
recompiling module VHSR_I2NOR4_8
recompiling module VHSR_IAO21_0
recompiling module VHSR_IAO21_1
recompiling module VHSR_IAO21_2
recompiling module VHSR_IAO21_4
recompiling module VHSR_IAO21_8
recompiling module VHSR_IAO22_0
recompiling module VHSR_IAO22_1
recompiling module VHSR_IAO22_2
200 of 588 modules done
recompiling module VHSR_IAO22_4
recompiling module VHSR_IAO22_8
recompiling module VHSR_IN_0
recompiling module VHSR_IN_1
recompiling module VHSR_IN_12
recompiling module VHSR_IN_16
recompiling module VHSR_IN_2
recompiling module VHSR_IN_20
recompiling module VHSR_IN_24
recompiling module VHSR_IN_3
recompiling module VHSR_IN_32
recompiling module VHSR_IN_4
recompiling module VHSR_IN_6
recompiling module VHSR_IN_8
recompiling module VHSR_INAND2_0
recompiling module VHSR_INAND2_1
recompiling module VHSR_INAND2_2
recompiling module VHSR_INAND2_4
recompiling module VHSR_INAND2_8
recompiling module VHSR_INAND3_0
recompiling module VHSR_INAND3_1
recompiling module VHSR_INAND3_2
recompiling module VHSR_INAND3_4
recompiling module VHSR_INAND3_8
recompiling module VHSR_INAND4_0
recompiling module VHSR_INAND4_1
recompiling module VHSR_INAND4_2
recompiling module VHSR_INAND4_4
recompiling module VHSR_INAND4_8
recompiling module VHSR_INOR2_0
recompiling module VHSR_INOR2_1
recompiling module VHSR_INOR2_2
recompiling module VHSR_INOR2_4
recompiling module VHSR_INOR2_8
recompiling module VHSR_INOR3_0
recompiling module VHSR_INOR3_1
recompiling module VHSR_INOR3_2
recompiling module VHSR_INOR3_4
recompiling module VHSR_INOR3_8
recompiling module VHSR_INOR4_0
recompiling module VHSR_INOR4_1
recompiling module VHSR_INOR4_2
recompiling module VHSR_INOR4_4
recompiling module VHSR_INOR4_8
recompiling module VHSR_IOA21_0
recompiling module VHSR_IOA21_1
recompiling module VHSR_IOA21_2
recompiling module VHSR_IOA21_4
recompiling module VHSR_IOA21_8
recompiling module VHSR_IOA22_0
250 of 588 modules done
recompiling module VHSR_IOA22_1
recompiling module VHSR_IOA22_2
recompiling module VHSR_IOA22_4
recompiling module VHSR_IOA22_8
recompiling module VHSR_LAH_0
recompiling module VHSR_LAH_1
recompiling module VHSR_LAH_2
recompiling module VHSR_LAH_4
recompiling module VHSR_LAH_8
recompiling module VHSR_LAHRN_0
recompiling module VHSR_LAHRN_1
recompiling module VHSR_LAHRN_2
recompiling module VHSR_LAHRN_4
recompiling module VHSR_LAHRN_8
recompiling module VHSR_LAHRSN_0
recompiling module VHSR_LAHRSN_1
recompiling module VHSR_LAHRSN_2
recompiling module VHSR_LAHRSN_4
recompiling module VHSR_LAHRSN_8
recompiling module VHSR_LAHSN_0
recompiling module VHSR_LAHSN_1
recompiling module VHSR_LAHSN_2
recompiling module VHSR_LAHSN_4
recompiling module VHSR_LAHSN_8
recompiling module VHSR_LAL_0
recompiling module VHSR_LAL_1
recompiling module VHSR_LAL_2
recompiling module VHSR_LAL_4
recompiling module VHSR_LAL_8
recompiling module VHSR_LALRN_0
recompiling module VHSR_LALRN_1
recompiling module VHSR_LALRN_2
recompiling module VHSR_LALRN_4
recompiling module VHSR_LALRN_8
recompiling module VHSR_LALRSN_0
recompiling module VHSR_LALRSN_1
recompiling module VHSR_LALRSN_2
recompiling module VHSR_LALRSN_4
recompiling module VHSR_LALRSN_8
recompiling module VHSR_LALSN_0
recompiling module VHSR_LALSN_1
recompiling module VHSR_LALSN_2
recompiling module VHSR_LALSN_4
recompiling module VHSR_LALSN_8
recompiling module VHSR_MAOI22_0
recompiling module VHSR_MAOI22_1
recompiling module VHSR_MAOI22_2
recompiling module VHSR_MAOI222_0
recompiling module VHSR_MAOI222_1
recompiling module VHSR_MAOI222_2
300 of 588 modules done
recompiling module VHSR_MAOI222_4
recompiling module VHSR_MAOI222_8
recompiling module VHSR_MAOI22_4
recompiling module VHSR_MAOI22_8
recompiling module VHSR_MOAI22_0
recompiling module VHSR_MOAI22_1
recompiling module VHSR_MOAI22_2
recompiling module VHSR_MOAI22_4
recompiling module VHSR_MOAI22_8
recompiling module VHSR_MUX2_0
recompiling module VHSR_MUX2_1
recompiling module VHSR_MUX2_2
recompiling module VHSR_MUX2_4
recompiling module VHSR_MUX2_8
recompiling module VHSR_MUX2N_0
recompiling module VHSR_MUX2N_1
recompiling module VHSR_MUX2N_2
recompiling module VHSR_MUX2N_4
recompiling module VHSR_MUX2N_8
recompiling module VHSR_MUX3_0
recompiling module VHSR_MUX3_1
recompiling module VHSR_MUX3_2
recompiling module VHSR_MUX3_4
recompiling module VHSR_MUX3_8
recompiling module VHSR_MUX3N_0
recompiling module VHSR_MUX3N_1
recompiling module VHSR_MUX3N_2
recompiling module VHSR_MUX3N_4
recompiling module VHSR_MUX3N_8
recompiling module VHSR_MUX4_0
recompiling module VHSR_MUX4_1
recompiling module VHSR_MUX4_2
recompiling module VHSR_MUX4_4
recompiling module VHSR_MUX4_8
recompiling module VHSR_MUX4N_0
recompiling module VHSR_MUX4N_1
recompiling module VHSR_MUX4N_2
recompiling module VHSR_MUX4N_4
recompiling module VHSR_MUX4N_8
recompiling module VHSR_NAND2_0
recompiling module VHSR_NAND2_1
recompiling module VHSR_NAND2_2
recompiling module VHSR_NAND2_4
recompiling module VHSR_NAND2_8
recompiling module VHSR_NAND3_0
recompiling module VHSR_NAND3_1
recompiling module VHSR_NAND3_2
recompiling module VHSR_NAND3_4
recompiling module VHSR_NAND3_8
recompiling module VHSR_NAND4_0
350 of 588 modules done
recompiling module VHSR_NAND4_1
recompiling module VHSR_NAND4_2
recompiling module VHSR_NAND4_4
recompiling module VHSR_NAND4_8
recompiling module VHSR_NCLKGL_0
recompiling module VHSR_NCLKGL_1
recompiling module VHSR_NCLKGL_2
recompiling module VHSR_NCLKGL_4
recompiling module VHSR_NCLKGL_8
recompiling module VHSR_ND_0
recompiling module VHSR_ND_1
recompiling module VHSR_ND_2
recompiling module VHSR_ND_4
recompiling module VHSR_ND_8
recompiling module VHSR_NDQ_0
recompiling module VHSR_NDQ_1
recompiling module VHSR_NDQ_2
recompiling module VHSR_NDQ_4
recompiling module VHSR_NDQ_8
recompiling module VHSR_NDRN_0
recompiling module VHSR_NDRN_1
recompiling module VHSR_NDRN_2
recompiling module VHSR_NDRN_4
recompiling module VHSR_NDRN_8
recompiling module VHSR_NDRNQ_0
recompiling module VHSR_NDRNQ_1
recompiling module VHSR_NDRNQ_2
recompiling module VHSR_NDRNQ_4
recompiling module VHSR_NDRNQ_8
recompiling module VHSR_NDRSN_0
recompiling module VHSR_NDRSN_1
recompiling module VHSR_NDRSN_2
recompiling module VHSR_NDRSN_4
recompiling module VHSR_NDRSN_8
recompiling module VHSR_NDSN_0
recompiling module VHSR_NDSN_1
recompiling module VHSR_NDSN_2
recompiling module VHSR_NDSN_4
recompiling module VHSR_NDSN_8
recompiling module VHSR_NOR2_0
recompiling module VHSR_NOR2_1
recompiling module VHSR_NOR2_2
recompiling module VHSR_NOR2_4
recompiling module VHSR_NOR2_8
recompiling module VHSR_NOR3_0
recompiling module VHSR_NOR3_1
recompiling module VHSR_NOR3_2
recompiling module VHSR_NOR3_4
recompiling module VHSR_NOR3_8
recompiling module VHSR_NOR4_0
400 of 588 modules done
recompiling module VHSR_NOR4_1
recompiling module VHSR_NOR4_2
recompiling module VHSR_NOR4_4
recompiling module VHSR_NOR4_8
recompiling module VHSR_NTCLKGL_0
recompiling module VHSR_NTCLKGL_1
recompiling module VHSR_NTCLKGL_2
recompiling module VHSR_NTCLKGL_4
recompiling module VHSR_NTCLKGL_8
recompiling module VHSR_OAI21_0
recompiling module VHSR_OAI21_1
recompiling module VHSR_OAI211_0
recompiling module VHSR_OAI211_1
recompiling module VHSR_OAI211_2
recompiling module VHSR_OAI211_4
recompiling module VHSR_OAI211_8
recompiling module VHSR_OAI21_2
recompiling module VHSR_OAI21_4
recompiling module VHSR_OAI21_8
recompiling module VHSR_OAI22_0
recompiling module VHSR_OAI22_1
recompiling module VHSR_OAI221_0
recompiling module VHSR_OAI221_1
recompiling module VHSR_OAI221_2
recompiling module VHSR_OAI221_4
recompiling module VHSR_OAI221_8
recompiling module VHSR_OAI22_2
recompiling module VHSR_OAI222_0
recompiling module VHSR_OAI222_1
recompiling module VHSR_OAI222_2
recompiling module VHSR_OAI222_4
recompiling module VHSR_OAI222_8
recompiling module VHSR_OAI22_4
recompiling module VHSR_OAI22_8
recompiling module VHSR_OAI31_0
recompiling module VHSR_OAI31_1
recompiling module VHSR_OAI31_2
recompiling module VHSR_OAI31_4
recompiling module VHSR_OAI31_8
recompiling module VHSR_OAI32_0
recompiling module VHSR_OAI32_1
recompiling module VHSR_OAI32_2
recompiling module VHSR_OAI32_4
recompiling module VHSR_OAI32_8
recompiling module VHSR_OAI33_0
recompiling module VHSR_OAI33_1
recompiling module VHSR_OAI33_2
recompiling module VHSR_OAI33_4
recompiling module VHSR_OAI33_8
recompiling module VHSR_OR2_0
450 of 588 modules done
recompiling module VHSR_OR2_1
recompiling module VHSR_OR2_2
recompiling module VHSR_OR2_4
recompiling module VHSR_OR2_8
recompiling module VHSR_OR3_0
recompiling module VHSR_OR3_1
recompiling module VHSR_OR3_2
recompiling module VHSR_OR3_4
recompiling module VHSR_OR3_8
recompiling module VHSR_OR4_0
recompiling module VHSR_OR4_1
recompiling module VHSR_OR4_2
recompiling module VHSR_OR4_4
recompiling module VHSR_OR4_8
recompiling module VHSR_PCLKGL_0
recompiling module VHSR_PCLKGL_1
recompiling module VHSR_PCLKGL_2
recompiling module VHSR_PCLKGL_4
recompiling module VHSR_PCLKGL_8
recompiling module VHSR_PTCLKGL_0
recompiling module VHSR_PTCLKGL_1
recompiling module VHSR_PTCLKGL_2
recompiling module VHSR_PTCLKGL_4
recompiling module VHSR_PTCLKGL_8
recompiling module VHSR_PULL1_0
recompiling module VHSR_SD_0
recompiling module VHSR_SD_1
recompiling module VHSR_SD_2
recompiling module VHSR_SD_4
recompiling module VHSR_SD_8
recompiling module VHSR_SDQ_0
recompiling module VHSR_SDQ_1
recompiling module VHSR_SDQ_2
recompiling module VHSR_SDQ_4
recompiling module VHSR_SDQ_8
recompiling module VHSR_SDRN_0
recompiling module VHSR_SDRN_1
recompiling module VHSR_SDRN_2
recompiling module VHSR_SDRN_4
recompiling module VHSR_SDRN_8
recompiling module VHSR_SDRNQ_0
recompiling module VHSR_SDRNQ_1
recompiling module VHSR_SDRNQ_2
recompiling module VHSR_SDRNQ_4
recompiling module VHSR_SDRNQ_8
recompiling module VHSR_SDRSN_0
recompiling module VHSR_SDRSN_1
recompiling module VHSR_SDRSN_2
recompiling module VHSR_SDRSN_4
recompiling module VHSR_SDRSN_8
500 of 588 modules done
recompiling module VHSR_SDSN_0
recompiling module VHSR_SDSN_1
recompiling module VHSR_SDSN_2
recompiling module VHSR_SDSN_4
recompiling module VHSR_SDSN_8
recompiling module VHSR_SDX_0
recompiling module VHSR_SDX_1
recompiling module VHSR_SDX_2
recompiling module VHSR_SDX_4
recompiling module VHSR_SDX_8
recompiling module VHSR_SND_0
recompiling module VHSR_SND_1
recompiling module VHSR_SND_2
recompiling module VHSR_SND_4
recompiling module VHSR_SND_8
recompiling module VHSR_SNDQ_0
recompiling module VHSR_SNDQ_1
recompiling module VHSR_SNDQ_2
recompiling module VHSR_SNDQ_4
recompiling module VHSR_SNDQ_8
recompiling module VHSR_SNDRN_0
recompiling module VHSR_SNDRN_1
recompiling module VHSR_SNDRN_2
recompiling module VHSR_SNDRN_4
recompiling module VHSR_SNDRN_8
recompiling module VHSR_SNDRNQ_0
recompiling module VHSR_SNDRNQ_1
recompiling module VHSR_SNDRNQ_2
recompiling module VHSR_SNDRNQ_4
recompiling module VHSR_SNDRNQ_8
recompiling module VHSR_SNDRSN_0
recompiling module VHSR_SNDRSN_1
recompiling module VHSR_SNDRSN_2
recompiling module VHSR_SNDRSN_4
recompiling module VHSR_SNDRSN_8
recompiling module VHSR_SNDSN_0
recompiling module VHSR_SNDSN_1
recompiling module VHSR_SNDSN_2
recompiling module VHSR_SNDSN_4
recompiling module VHSR_SNDSN_8
recompiling module VHSR_SNDX_0
recompiling module VHSR_SNDX_1
recompiling module VHSR_SNDX_2
recompiling module VHSR_SNDX_4
recompiling module VHSR_SNDX_8
recompiling module VHSR_TBUF_0
recompiling module VHSR_TBUF_1
recompiling module VHSR_TBUF_12
recompiling module VHSR_TBUF_16
recompiling module VHSR_TBUF_2
550 of 588 modules done
recompiling module VHSR_TBUF_20
recompiling module VHSR_TBUF_24
recompiling module VHSR_TBUF_3
recompiling module VHSR_TBUF_32
recompiling module VHSR_TBUF_4
recompiling module VHSR_TBUF_6
recompiling module VHSR_TBUF_8
recompiling module VHSR_XNOR2_0
recompiling module VHSR_XNOR2_1
recompiling module VHSR_XNOR2_2
recompiling module VHSR_XNOR2_4
recompiling module VHSR_XNOR2_8
recompiling module VHSR_XNOR3_0
recompiling module VHSR_XNOR3_1
recompiling module VHSR_XNOR3_2
recompiling module VHSR_XNOR3_4
recompiling module VHSR_XNOR3_8
recompiling module VHSR_XNOR4_0
recompiling module VHSR_XNOR4_1
recompiling module VHSR_XNOR4_2
recompiling module VHSR_XNOR4_4
recompiling module VHSR_XNOR4_8
recompiling module VHSR_XOR2_0
recompiling module VHSR_XOR2_1
recompiling module VHSR_XOR2_2
recompiling module VHSR_XOR2_4
recompiling module VHSR_XOR2_8
recompiling module VHSR_XOR3_0
recompiling module VHSR_XOR3_1
recompiling module VHSR_XOR3_2
recompiling module VHSR_XOR3_4
recompiling module VHSR_XOR3_8
recompiling module VHSR_XOR4_0
recompiling module VHSR_XOR4_1
recompiling module VHSR_XOR4_2
recompiling module VHSR_XOR4_4
recompiling module VHSR_XOR4_8
recompiling module top_sim
All of 588 modules done
make[2]: Entering directory `/home/lao/lut_gen_public/TARM/tmp/syn_2x2/vcs/csrc' \

rm -f _cuarc*.so _csrc*.so pre_vcsobj_*.so share_vcsobj_*.so
if [ -x ../simv_top ]; then chmod a-x ../simv_top; fi
g++  -o ../simv_top      -m32 -m32 -rdynamic  -Wl,-rpath='$ORIGIN'/simv_top.daidir \
-Wl,-rpath=./simv_top.daidir -Wl,-rpath=/home/opt/Synopsys/vcs_2022.06/T-2022.06/linux/lib \
-L/home/opt/Synopsys/vcs_2022.06/T-2022.06/linux/lib  -Wl,-rpath-link=./   objs/amcQw_d.o \
_83453_archive_1.so objs/udps/exIG1.o objs/udps/gSqMj.o objs/udps/vCfas.o objs/udps/U7Vwg.o \
objs/udps/CjLsY.o  SIM_l.o       rmapats_mop.o rmapats.o rmar.o rmar_nd.o  rmar_llvm_0_1.o \
rmar_llvm_0_0.o           -lvirsim -lerrorinf -lsnpsmalloc -lvfs    -lvcsnew -lsimprofile \
-luclinative /home/opt/Synopsys/vcs_2022.06/T-2022.06/linux/lib/vcs_tls.o   -Wl,-whole-archive \
-lvcsucli    -Wl,-no-whole-archive          /home/opt/Synopsys/vcs_2022.06/T-2022.06/linux/lib/vcs_save_restore_new.o \
/home/opt/Synopsys/vcs_2022.06/T-2022.06/linux/lib/ctype-stubs_32.a -ldl  -lc -lm \
-lpthread -ldl 
../simv_top up to date
make[2]: Leaving directory `/home/lao/lut_gen_public/TARM/tmp/syn_2x2/vcs/csrc'
CPU time: 2.535 seconds to compile + .575 seconds to elab + .524 seconds to link
